// Jest Snapshot v1, https://goo.gl/fbAQLP

exports[`Header renders correctly 1`] = `
<div
  className="css-1jhlbdc-Header"
>
  <nav
    className="css-1be44vx-Menu"
  >
    <label
      htmlFor="menu-checkbox"
    >
      â˜°
    </label>
    <input
      defaultChecked={false}
      id="menu-checkbox"
      onChange={[Function]}
      type="checkbox"
    />
    <ul
      css={
        Object {
          "display": "none",
        }
      }
    >
      <a
        href="/"
      >
        <li>
          <span
            className="first-breadcrumb"
          >
            Home
          </span>
        </li>
      </a>
    </ul>
  </nav>
</div>
`;
