// Jest Snapshot v1, https://goo.gl/fbAQLP

exports[`Folder renders correctly 1`] = `
<article
  className="folder"
  data-testid="folder"
>
  <a
    href="/folder-name"
  >
    <div
      className=" gatsby-image-wrapper"
      style={
        Object {
          "display": "inline-block",
          "height": 250,
          "overflow": "hidden",
          "position": "relative",
          "width": 250,
        }
      }
    >
      <picture>
        <source
          srcSet="/static/hash/f17d3/folder.png 1x"
        />
        <img
          alt="Folder Name"
          height={250}
          loading="lazy"
          onLoad={[Function]}
          src="/static/hash/f17d3/folder.png"
          srcSet="/static/hash/f17d3/folder.png 1x"
          style={
            Object {
              "height": "100%",
              "left": 0,
              "objectFit": "cover",
              "objectPosition": "center",
              "opacity": 0,
              "position": "absolute",
              "top": 0,
              "transition": "opacity 500ms",
              "width": "100%",
            }
          }
          width={250}
        />
      </picture>
      <noscript
        dangerouslySetInnerHTML={
          Object {
            "__html": "<picture><source srcset=\\"/static/hash/f17d3/folder.png 1x\\" /><img loading=\\"lazy\\" width=\\"250\\" height=\\"250\\" srcset=\\"/static/hash/f17d3/folder.png 1x\\" src=\\"/static/hash/f17d3/folder.png\\" alt=\\"Folder Name\\" style=\\"position:absolute;top:0;left:0;opacity:1;width:100%;height:100%;object-fit:cover;object-position:center\\"/></picture>",
          }
        }
      />
    </div>
    <div
      className="folder-title"
    >
      Folder Name
    </div>
  </a>
</article>
`;
