// Jest Snapshot v1, https://goo.gl/fbAQLP

exports[`Header renders correctly 1`] = `
<header
  className="css-1upivqb-Header"
>
  <nav>
    <a
      href="/"
    >
      Home
    </a>
  </nav>
</header>
`;
