// Jest Snapshot v1, https://goo.gl/fbAQLP

exports[`Header renders correctly 1`] = `
<header
  className="css-1upivqb-Header"
>
  <nav>
    <a
      href="/"
    >
      <span
        className="first-breadcrumb"
      >
        Hogar
      </span>
    </a>
  </nav>
</header>
`;
