// Jest Snapshot v1, https://goo.gl/fbAQLP

exports[`Header styles renders correctly 1`] = `
<div
  className="css-1jhlbdc-Header"
>
  <div>
    hello
  </div>
</div>
`;
