// Jest Snapshot v1, https://goo.gl/fbAQLP

exports[`Index styles renders correctly 1`] = `
<div
  className="css-1hxgsm0-Index"
>
  <div>
    hello
  </div>
</div>
`;
