// Jest Snapshot v1, https://goo.gl/fbAQLP

exports[`Layout styles renders correctly 1`] = `
<div
  className="css-1qldoov-Layout"
>
  <div>
    hello
  </div>
</div>
`;
