// Jest Snapshot v1, https://goo.gl/fbAQLP

exports[`MainContent styles renders correctly 1`] = `
<div
  className="css-15phz5z-MainContent"
>
  <div>
    hello
  </div>
</div>
`;
