// Jest Snapshot v1, https://goo.gl/fbAQLP

exports[`Menu styles renders correctly 1`] = `
<nav
  className="css-1be44vx-Menu"
>
  <div>
    hello
  </div>
</nav>
`;
