// Jest Snapshot v1, https://goo.gl/fbAQLP

exports[`Pager styles renders correctly 1`] = `
<div
  className="css-13usky3-Pager"
>
  <div>
    hello
  </div>
</div>
`;
