// Jest Snapshot v1, https://goo.gl/fbAQLP

exports[`Photo styles renders correctly 1`] = `
<div
  className="css-1oyu1ai-Photo"
>
  <div>
    hello
  </div>
</div>
`;
