// Jest Snapshot v1, https://goo.gl/fbAQLP

exports[`Folders renders correctly 1`] = `
Array [
  <article
    className="folder"
    data-testid="folder"
  >
    <a
      href="/base/"
    >
      <div
        className=" gatsby-image-wrapper"
        style={
          Object {
            "display": "inline-block",
            "height": 250,
            "overflow": "hidden",
            "position": "relative",
            "width": 250,
          }
        }
      >
        <picture>
          <source
            srcSet="/static/hash/f17d3/folder.png 1x"
          />
          <img
            alt="/base/"
            height={250}
            loading="lazy"
            onLoad={[Function]}
            src="/static/hash/f17d3/folder.png"
            srcSet="/static/hash/f17d3/folder.png 1x"
            style={
              Object {
                "height": "100%",
                "left": 0,
                "objectFit": "cover",
                "objectPosition": "center",
                "opacity": 0,
                "position": "absolute",
                "top": 0,
                "transition": "opacity 500ms",
                "width": "100%",
              }
            }
            title="/base/"
            width={250}
          />
        </picture>
        <noscript
          dangerouslySetInnerHTML={
            Object {
              "__html": "<picture><source srcset=\\"/static/hash/f17d3/folder.png 1x\\" /><img loading=\\"lazy\\" width=\\"250\\" height=\\"250\\" srcset=\\"/static/hash/f17d3/folder.png 1x\\" src=\\"/static/hash/f17d3/folder.png\\" alt=\\"/base/\\" title=\\"/base/\\" style=\\"position:absolute;top:0;left:0;opacity:1;width:100%;height:100%;object-fit:cover;object-position:center\\"/></picture>",
            }
          }
        />
      </div>
      <div
        className="folder-title"
      >
        /base/
      </div>
    </a>
  </article>,
  <article
    className="folder"
    data-testid="folder"
  >
    <a
      href="/base/level-one"
    >
      <div
        className=" gatsby-image-wrapper"
        style={
          Object {
            "display": "inline-block",
            "height": 250,
            "overflow": "hidden",
            "position": "relative",
            "width": 250,
          }
        }
      >
        <picture>
          <source
            srcSet="/static/hash/f17d3/folder.png 1x"
          />
          <img
            alt="Level One"
            height={250}
            loading="lazy"
            onLoad={[Function]}
            src="/static/hash/f17d3/folder.png"
            srcSet="/static/hash/f17d3/folder.png 1x"
            style={
              Object {
                "height": "100%",
                "left": 0,
                "objectFit": "cover",
                "objectPosition": "center",
                "opacity": 0,
                "position": "absolute",
                "top": 0,
                "transition": "opacity 500ms",
                "width": "100%",
              }
            }
            title="Level One"
            width={250}
          />
        </picture>
        <noscript
          dangerouslySetInnerHTML={
            Object {
              "__html": "<picture><source srcset=\\"/static/hash/f17d3/folder.png 1x\\" /><img loading=\\"lazy\\" width=\\"250\\" height=\\"250\\" srcset=\\"/static/hash/f17d3/folder.png 1x\\" src=\\"/static/hash/f17d3/folder.png\\" alt=\\"Level One\\" title=\\"Level One\\" style=\\"position:absolute;top:0;left:0;opacity:1;width:100%;height:100%;object-fit:cover;object-position:center\\"/></picture>",
            }
          }
        />
      </div>
      <div
        className="folder-title"
      >
        Level One
      </div>
    </a>
  </article>,
  <article
    className="folder"
    data-testid="folder"
  >
    <a
      href="/base/another-level-one"
    >
      <div
        className=" gatsby-image-wrapper"
        style={
          Object {
            "display": "inline-block",
            "height": 250,
            "overflow": "hidden",
            "position": "relative",
            "width": 250,
          }
        }
      >
        <picture>
          <source
            srcSet="/static/hash/f17d3/folder.png 1x"
          />
          <img
            alt="Another Level One"
            height={250}
            loading="lazy"
            onLoad={[Function]}
            src="/static/hash/f17d3/folder.png"
            srcSet="/static/hash/f17d3/folder.png 1x"
            style={
              Object {
                "height": "100%",
                "left": 0,
                "objectFit": "cover",
                "objectPosition": "center",
                "opacity": 0,
                "position": "absolute",
                "top": 0,
                "transition": "opacity 500ms",
                "width": "100%",
              }
            }
            title="Another Level One"
            width={250}
          />
        </picture>
        <noscript
          dangerouslySetInnerHTML={
            Object {
              "__html": "<picture><source srcset=\\"/static/hash/f17d3/folder.png 1x\\" /><img loading=\\"lazy\\" width=\\"250\\" height=\\"250\\" srcset=\\"/static/hash/f17d3/folder.png 1x\\" src=\\"/static/hash/f17d3/folder.png\\" alt=\\"Another Level One\\" title=\\"Another Level One\\" style=\\"position:absolute;top:0;left:0;opacity:1;width:100%;height:100%;object-fit:cover;object-position:center\\"/></picture>",
            }
          }
        />
      </div>
      <div
        className="folder-title"
      >
        Another Level One
      </div>
    </a>
  </article>,
  <article
    className="folder"
    data-testid="folder"
  >
    <a
      href="/base/yet-another-level-one"
    >
      <div
        className=" gatsby-image-wrapper"
        style={
          Object {
            "display": "inline-block",
            "height": 250,
            "overflow": "hidden",
            "position": "relative",
            "width": 250,
          }
        }
      >
        <picture>
          <source
            srcSet="/static/hash/f17d3/folder.png 1x"
          />
          <img
            alt="Yet Another Level One"
            height={250}
            loading="lazy"
            onLoad={[Function]}
            src="/static/hash/f17d3/folder.png"
            srcSet="/static/hash/f17d3/folder.png 1x"
            style={
              Object {
                "height": "100%",
                "left": 0,
                "objectFit": "cover",
                "objectPosition": "center",
                "opacity": 0,
                "position": "absolute",
                "top": 0,
                "transition": "opacity 500ms",
                "width": "100%",
              }
            }
            title="Yet Another Level One"
            width={250}
          />
        </picture>
        <noscript
          dangerouslySetInnerHTML={
            Object {
              "__html": "<picture><source srcset=\\"/static/hash/f17d3/folder.png 1x\\" /><img loading=\\"lazy\\" width=\\"250\\" height=\\"250\\" srcset=\\"/static/hash/f17d3/folder.png 1x\\" src=\\"/static/hash/f17d3/folder.png\\" alt=\\"Yet Another Level One\\" title=\\"Yet Another Level One\\" style=\\"position:absolute;top:0;left:0;opacity:1;width:100%;height:100%;object-fit:cover;object-position:center\\"/></picture>",
            }
          }
        />
      </div>
      <div
        className="folder-title"
      >
        Yet Another Level One
      </div>
    </a>
  </article>,
  <article
    className="folder"
    data-testid="folder"
  >
    <a
      href="/base/level-one/level-two"
    >
      <div
        className=" gatsby-image-wrapper"
        style={
          Object {
            "display": "inline-block",
            "height": 250,
            "overflow": "hidden",
            "position": "relative",
            "width": 250,
          }
        }
      >
        <picture>
          <source
            srcSet="/static/hash/f17d3/folder.png 1x"
          />
          <img
            alt="Level Two"
            height={250}
            loading="lazy"
            onLoad={[Function]}
            src="/static/hash/f17d3/folder.png"
            srcSet="/static/hash/f17d3/folder.png 1x"
            style={
              Object {
                "height": "100%",
                "left": 0,
                "objectFit": "cover",
                "objectPosition": "center",
                "opacity": 0,
                "position": "absolute",
                "top": 0,
                "transition": "opacity 500ms",
                "width": "100%",
              }
            }
            title="Level Two"
            width={250}
          />
        </picture>
        <noscript
          dangerouslySetInnerHTML={
            Object {
              "__html": "<picture><source srcset=\\"/static/hash/f17d3/folder.png 1x\\" /><img loading=\\"lazy\\" width=\\"250\\" height=\\"250\\" srcset=\\"/static/hash/f17d3/folder.png 1x\\" src=\\"/static/hash/f17d3/folder.png\\" alt=\\"Level Two\\" title=\\"Level Two\\" style=\\"position:absolute;top:0;left:0;opacity:1;width:100%;height:100%;object-fit:cover;object-position:center\\"/></picture>",
            }
          }
        />
      </div>
      <div
        className="folder-title"
      >
        Level Two
      </div>
    </a>
  </article>,
  <article
    className="folder"
    data-testid="folder"
  >
    <a
      href="/base/level-one/another-level-two"
    >
      <div
        className=" gatsby-image-wrapper"
        style={
          Object {
            "display": "inline-block",
            "height": 250,
            "overflow": "hidden",
            "position": "relative",
            "width": 250,
          }
        }
      >
        <picture>
          <source
            srcSet="/static/hash/f17d3/folder.png 1x"
          />
          <img
            alt="Another Level Two"
            height={250}
            loading="lazy"
            onLoad={[Function]}
            src="/static/hash/f17d3/folder.png"
            srcSet="/static/hash/f17d3/folder.png 1x"
            style={
              Object {
                "height": "100%",
                "left": 0,
                "objectFit": "cover",
                "objectPosition": "center",
                "opacity": 0,
                "position": "absolute",
                "top": 0,
                "transition": "opacity 500ms",
                "width": "100%",
              }
            }
            title="Another Level Two"
            width={250}
          />
        </picture>
        <noscript
          dangerouslySetInnerHTML={
            Object {
              "__html": "<picture><source srcset=\\"/static/hash/f17d3/folder.png 1x\\" /><img loading=\\"lazy\\" width=\\"250\\" height=\\"250\\" srcset=\\"/static/hash/f17d3/folder.png 1x\\" src=\\"/static/hash/f17d3/folder.png\\" alt=\\"Another Level Two\\" title=\\"Another Level Two\\" style=\\"position:absolute;top:0;left:0;opacity:1;width:100%;height:100%;object-fit:cover;object-position:center\\"/></picture>",
            }
          }
        />
      </div>
      <div
        className="folder-title"
      >
        Another Level Two
      </div>
    </a>
  </article>,
]
`;
